// Jest Snapshot v1, https://goo.gl/fbAQLP

exports[`src/components/elements/IconMultiDestination render 1`] = `
<svg
  fill="none"
  height="24"
  viewBox="0 0 24 24"
  width="24"
  xmlns="http://www.w3.org/2000/svg"
>
  <path
    clipRule="evenodd"
    d="M12 2C6.4 2 2 6.4 2 12C2 17.6 6.4 22 12 22C17.6 22 22 17.6 22 12C22 6.4 17.6 2 12 2Z"
    fill="#E8590C"
    fillRule="evenodd"
  />
  <path
    d="M12 8C9.76 8 8 9.76 8 12C8 14.24 9.76 16 12 16C14.24 16 16 14.24 16 12C16 9.76 14.24 8 12 8Z"
    fill="#F76707"
  />
</svg>
`;

exports[`src/components/elements/IconMultiDestination render string 1`] = `
"
    <svg fill=\\"none\\" height=\\"24\\" viewBox=\\"0 0 24 24\\" width=\\"24\\" xmlns=\\"http://www.w3.org/2000/svg\\">
      <path
        clipRule=\\"evenodd\\"
        d=\\"M12 2C6.4 2 2 6.4 2 12C2 17.6 6.4 22 12 22C17.6 22 22 17.6 22 12C22 6.4 17.6 2 12 2Z\\"
        fill=\\"#E8590C\\"
        fillRule=\\"evenodd\\"
      />
      <path d=\\"M12 8C9.76 8 8 9.76 8 12C8 14.24 9.76 16 12 16C14.24 16 16 14.24 16 12C16 9.76 14.24 8 12 8Z\\" fill=\\"#F76707\\"/>
    </svg>
  "
`;
